// Jest Snapshot v1, https://goo.gl/fbAQLP

exports[`build-index-errors empty-routes 1`] = `[Error: Expected a \`route.js\`, template, or \`routes/\` directory at test/build-index-errors/empty-routes/routes/file]`;

exports[`build-index-errors no-routes 1`] = `[Error: Expected a \`route.js\`, template, or \`routes/\` directory at test/build-index-errors/no-routes]`;
